[2024-04-21T00:38:19.422+0530][gc,heap] Heap region size: 1M
[2024-04-21T00:38:19.440+0530][gc     ] Using G1
[2024-04-21T00:38:19.440+0530][gc,heap,coops] Heap address: 0x00000000c0000000, size: 1024 MB, Compressed Oops mode: 32-bit
[2024-04-21T00:38:19.440+0530][gc,cds       ] Mark closed archive regions in map: [0x00000000fff00000, 0x00000000fff6bff8]
[2024-04-21T00:38:19.440+0530][gc,cds       ] Mark open archive regions in map: [0x00000000ffe00000, 0x00000000ffe47ff8]
[2024-04-21T00:38:20.012+0530][gc,start     ] GC(0) Pause Young (Normal) (G1 Evacuation Pause)
[2024-04-21T00:38:20.013+0530][gc,task      ] GC(0) Using 8 workers of 8 for evacuation
[2024-04-21T00:38:20.019+0530][gc,phases    ] GC(0)   Pre Evacuate Collection Set: 0.0ms
[2024-04-21T00:38:20.019+0530][gc,phases    ] GC(0)   Evacuate Collection Set: 5.3ms
[2024-04-21T00:38:20.019+0530][gc,phases    ] GC(0)   Post Evacuate Collection Set: 0.4ms
[2024-04-21T00:38:20.019+0530][gc,phases    ] GC(0)   Other: 1.5ms
[2024-04-21T00:38:20.019+0530][gc,heap      ] GC(0) Eden regions: 51->0(44)
[2024-04-21T00:38:20.019+0530][gc,heap      ] GC(0) Survivor regions: 0->7(7)
[2024-04-21T00:38:20.019+0530][gc,heap      ] GC(0) Old regions: 2->3
[2024-04-21T00:38:20.019+0530][gc,heap      ] GC(0) Humongous regions: 0->0
[2024-04-21T00:38:20.019+0530][gc,metaspace ] GC(0) Metaspace: 14029K(14848K)->14029K(14848K) NonClass: 12299K(12800K)->12299K(12800K) Class: 1730K(2048K)->1730K(2048K)
[2024-04-21T00:38:20.019+0530][gc           ] GC(0) Pause Young (Normal) (G1 Evacuation Pause) 51M->7M(1024M) 7.236ms
[2024-04-21T00:38:20.019+0530][gc,cpu       ] GC(0) User=0.04s Sys=0.00s Real=0.01s
[2024-04-21T00:38:30.278+0530][gc,start     ] GC(1) Pause Young (Concurrent Start) (Metadata GC Threshold)
[2024-04-21T00:38:30.278+0530][gc,task      ] GC(1) Using 8 workers of 8 for evacuation
[2024-04-21T00:38:30.287+0530][gc,phases    ] GC(1)   Pre Evacuate Collection Set: 0.0ms
[2024-04-21T00:38:30.287+0530][gc,phases    ] GC(1)   Evacuate Collection Set: 8.2ms
[2024-04-21T00:38:30.287+0530][gc,phases    ] GC(1)   Post Evacuate Collection Set: 0.4ms
[2024-04-21T00:38:30.287+0530][gc,phases    ] GC(1)   Other: 0.2ms
[2024-04-21T00:38:30.287+0530][gc,heap      ] GC(1) Eden regions: 30->0(49)
[2024-04-21T00:38:30.287+0530][gc,heap      ] GC(1) Survivor regions: 7->2(7)
[2024-04-21T00:38:30.287+0530][gc,heap      ] GC(1) Old regions: 3->10
[2024-04-21T00:38:30.287+0530][gc,heap      ] GC(1) Humongous regions: 0->0
[2024-04-21T00:38:30.287+0530][gc,metaspace ] GC(1) Metaspace: 20453K(21248K)->20453K(21248K) NonClass: 17991K(18432K)->17991K(18432K) Class: 2462K(2816K)->2462K(2816K)
[2024-04-21T00:38:30.287+0530][gc           ] GC(1) Pause Young (Concurrent Start) (Metadata GC Threshold) 37M->8M(1024M) 8.952ms
[2024-04-21T00:38:30.287+0530][gc,cpu       ] GC(1) User=0.03s Sys=0.00s Real=0.01s
[2024-04-21T00:38:30.287+0530][gc           ] GC(2) Concurrent Cycle
[2024-04-21T00:38:30.287+0530][gc,marking   ] GC(2) Concurrent Clear Claimed Marks
[2024-04-21T00:38:30.287+0530][gc,marking   ] GC(2) Concurrent Clear Claimed Marks 0.039ms
[2024-04-21T00:38:30.287+0530][gc,marking   ] GC(2) Concurrent Scan Root Regions
[2024-04-21T00:38:30.288+0530][gc,marking   ] GC(2) Concurrent Scan Root Regions 1.067ms
[2024-04-21T00:38:30.288+0530][gc,marking   ] GC(2) Concurrent Mark (10.869s)
[2024-04-21T00:38:30.288+0530][gc,marking   ] GC(2) Concurrent Mark From Roots
[2024-04-21T00:38:30.288+0530][gc,task      ] GC(2) Using 2 workers of 2 for marking
[2024-04-21T00:38:30.292+0530][gc,marking   ] GC(2) Concurrent Mark From Roots 4.174ms
[2024-04-21T00:38:30.292+0530][gc,marking   ] GC(2) Concurrent Preclean
[2024-04-21T00:38:30.292+0530][gc,marking   ] GC(2) Concurrent Preclean 0.097ms
[2024-04-21T00:38:30.292+0530][gc,marking   ] GC(2) Concurrent Mark (10.869s, 10.873s) 4.323ms
[2024-04-21T00:38:30.292+0530][gc,start     ] GC(2) Pause Remark
[2024-04-21T00:38:30.295+0530][gc,stringtable] GC(2) Cleaned string and symbol table, strings: 5717 processed, 0 removed, symbols: 53838 processed, 42 removed
[2024-04-21T00:38:30.295+0530][gc            ] GC(2) Pause Remark 9M->9M(1024M) 2.380ms
[2024-04-21T00:38:30.295+0530][gc,cpu        ] GC(2) User=0.02s Sys=0.00s Real=0.01s
[2024-04-21T00:38:30.295+0530][gc,marking    ] GC(2) Concurrent Rebuild Remembered Sets
[2024-04-21T00:38:30.297+0530][gc,marking    ] GC(2) Concurrent Rebuild Remembered Sets 2.346ms
[2024-04-21T00:38:30.297+0530][gc,start      ] GC(2) Pause Cleanup
[2024-04-21T00:38:30.298+0530][gc            ] GC(2) Pause Cleanup 9M->9M(1024M) 0.561ms
[2024-04-21T00:38:30.298+0530][gc,cpu        ] GC(2) User=0.01s Sys=0.00s Real=0.00s
[2024-04-21T00:38:30.298+0530][gc,marking    ] GC(2) Concurrent Cleanup for Next Mark
[2024-04-21T00:38:30.302+0530][gc,marking    ] GC(2) Concurrent Cleanup for Next Mark 4.494ms
[2024-04-21T00:38:30.302+0530][gc            ] GC(2) Concurrent Cycle 15.716ms
[2024-04-21T00:38:30.728+0530][gc,start      ] GC(3) Pause Young (Normal) (G1 Evacuation Pause)
[2024-04-21T00:38:30.728+0530][gc,task       ] GC(3) Using 8 workers of 8 for evacuation
[2024-04-21T00:38:30.731+0530][gc,phases     ] GC(3)   Pre Evacuate Collection Set: 0.0ms
[2024-04-21T00:38:30.731+0530][gc,phases     ] GC(3)   Evacuate Collection Set: 2.9ms
[2024-04-21T00:38:30.731+0530][gc,phases     ] GC(3)   Post Evacuate Collection Set: 0.2ms
[2024-04-21T00:38:30.731+0530][gc,phases     ] GC(3)   Other: 0.1ms
[2024-04-21T00:38:30.731+0530][gc,heap       ] GC(3) Eden regions: 49->0(47)
[2024-04-21T00:38:30.731+0530][gc,heap       ] GC(3) Survivor regions: 2->4(7)
[2024-04-21T00:38:30.731+0530][gc,heap       ] GC(3) Old regions: 10->10
[2024-04-21T00:38:30.731+0530][gc,heap       ] GC(3) Humongous regions: 129->129
[2024-04-21T00:38:30.731+0530][gc,metaspace  ] GC(3) Metaspace: 28857K(29952K)->28857K(29952K) NonClass: 25489K(26112K)->25489K(26112K) Class: 3368K(3840K)->3368K(3840K)
[2024-04-21T00:38:30.731+0530][gc            ] GC(3) Pause Young (Normal) (G1 Evacuation Pause) 186M->140M(1024M) 3.317ms
[2024-04-21T00:38:30.731+0530][gc,cpu        ] GC(3) User=0.02s Sys=0.00s Real=0.00s
[2024-04-21T00:38:30.998+0530][gc,start      ] GC(4) Pause Young (Concurrent Start) (Metadata GC Threshold)
[2024-04-21T00:38:30.999+0530][gc,task       ] GC(4) Using 8 workers of 8 for evacuation
[2024-04-21T00:38:31.002+0530][gc,phases     ] GC(4)   Pre Evacuate Collection Set: 0.1ms
[2024-04-21T00:38:31.002+0530][gc,phases     ] GC(4)   Evacuate Collection Set: 3.2ms
[2024-04-21T00:38:31.002+0530][gc,phases     ] GC(4)   Post Evacuate Collection Set: 0.3ms
[2024-04-21T00:38:31.002+0530][gc,phases     ] GC(4)   Other: 0.2ms
[2024-04-21T00:38:31.002+0530][gc,heap       ] GC(4) Eden regions: 34->0(45)
[2024-04-21T00:38:31.002+0530][gc,heap       ] GC(4) Survivor regions: 4->6(7)
[2024-04-21T00:38:31.002+0530][gc,heap       ] GC(4) Old regions: 10->10
[2024-04-21T00:38:31.002+0530][gc,heap       ] GC(4) Humongous regions: 129->129
[2024-04-21T00:38:31.002+0530][gc,metaspace  ] GC(4) Metaspace: 34504K(35840K)->34504K(35840K) NonClass: 30545K(31232K)->30545K(31232K) Class: 3959K(4608K)->3959K(4608K)
[2024-04-21T00:38:31.002+0530][gc            ] GC(4) Pause Young (Concurrent Start) (Metadata GC Threshold) 174M->143M(1024M) 3.880ms
[2024-04-21T00:38:31.002+0530][gc,cpu        ] GC(4) User=0.03s Sys=0.00s Real=0.00s
[2024-04-21T00:38:31.002+0530][gc            ] GC(5) Concurrent Cycle
[2024-04-21T00:38:31.002+0530][gc,marking    ] GC(5) Concurrent Clear Claimed Marks
[2024-04-21T00:38:31.003+0530][gc,marking    ] GC(5) Concurrent Clear Claimed Marks 0.050ms
[2024-04-21T00:38:31.003+0530][gc,marking    ] GC(5) Concurrent Scan Root Regions
[2024-04-21T00:38:31.005+0530][gc,marking    ] GC(5) Concurrent Scan Root Regions 2.663ms
[2024-04-21T00:38:31.005+0530][gc,marking    ] GC(5) Concurrent Mark (11.586s)
[2024-04-21T00:38:31.005+0530][gc,marking    ] GC(5) Concurrent Mark From Roots
[2024-04-21T00:38:31.005+0530][gc,task       ] GC(5) Using 2 workers of 2 for marking
[2024-04-21T00:38:31.012+0530][gc,marking    ] GC(5) Concurrent Mark From Roots 6.790ms
[2024-04-21T00:38:31.012+0530][gc,marking    ] GC(5) Concurrent Preclean
[2024-04-21T00:38:31.012+0530][gc,marking    ] GC(5) Concurrent Preclean 0.121ms
[2024-04-21T00:38:31.012+0530][gc,marking    ] GC(5) Concurrent Mark (11.586s, 11.593s) 6.983ms
[2024-04-21T00:38:31.012+0530][gc,start      ] GC(5) Pause Remark
[2024-04-21T00:38:31.015+0530][gc,stringtable] GC(5) Cleaned string and symbol table, strings: 11635 processed, 10 removed, symbols: 88735 processed, 19 removed
[2024-04-21T00:38:31.015+0530][gc            ] GC(5) Pause Remark 145M->145M(1024M) 3.082ms
[2024-04-21T00:38:31.015+0530][gc,cpu        ] GC(5) User=0.02s Sys=0.00s Real=0.01s
[2024-04-21T00:38:31.015+0530][gc,marking    ] GC(5) Concurrent Rebuild Remembered Sets
[2024-04-21T00:38:31.020+0530][gc,marking    ] GC(5) Concurrent Rebuild Remembered Sets 4.281ms
[2024-04-21T00:38:31.020+0530][gc,start      ] GC(5) Pause Cleanup
[2024-04-21T00:38:31.020+0530][gc            ] GC(5) Pause Cleanup 145M->145M(1024M) 0.192ms
[2024-04-21T00:38:31.020+0530][gc,cpu        ] GC(5) User=0.01s Sys=0.00s Real=0.00s
[2024-04-21T00:38:31.020+0530][gc,marking    ] GC(5) Concurrent Cleanup for Next Mark
[2024-04-21T00:38:31.024+0530][gc,marking    ] GC(5) Concurrent Cleanup for Next Mark 4.270ms
[2024-04-21T00:38:31.024+0530][gc            ] GC(5) Concurrent Cycle 21.993ms
