[2024-04-21T00:30:34.413+0530][gc,heap] Heap region size: 1M
[2024-04-21T00:30:34.425+0530][gc     ] Using G1
[2024-04-21T00:30:34.425+0530][gc,heap,coops] Heap address: 0x00000000e0000000, size: 512 MB, Compressed Oops mode: 32-bit
[2024-04-21T00:30:34.425+0530][gc,cds       ] Mark closed archive regions in map: [0x00000000fff00000, 0x00000000fff6bff8]
[2024-04-21T00:30:34.425+0530][gc,cds       ] Mark open archive regions in map: [0x00000000ffe00000, 0x00000000ffe47ff8]
[2024-04-21T00:30:34.801+0530][gc,start     ] GC(0) Pause Young (Normal) (G1 Evacuation Pause)
[2024-04-21T00:30:34.801+0530][gc,task      ] GC(0) Using 8 workers of 8 for evacuation
[2024-04-21T00:30:34.807+0530][gc,phases    ] GC(0)   Pre Evacuate Collection Set: 0.0ms
[2024-04-21T00:30:34.807+0530][gc,phases    ] GC(0)   Evacuate Collection Set: 5.1ms
[2024-04-21T00:30:34.807+0530][gc,phases    ] GC(0)   Post Evacuate Collection Set: 0.4ms
[2024-04-21T00:30:34.807+0530][gc,phases    ] GC(0)   Other: 0.7ms
[2024-04-21T00:30:34.807+0530][gc,heap      ] GC(0) Eden regions: 25->0(21)
[2024-04-21T00:30:34.807+0530][gc,heap      ] GC(0) Survivor regions: 0->4(4)
[2024-04-21T00:30:34.807+0530][gc,heap      ] GC(0) Old regions: 2->6
[2024-04-21T00:30:34.807+0530][gc,heap      ] GC(0) Humongous regions: 0->0
[2024-04-21T00:30:34.807+0530][gc,metaspace ] GC(0) Metaspace: 7326K(7936K)->7326K(7936K) NonClass: 6499K(6912K)->6499K(6912K) Class: 826K(1024K)->826K(1024K)
[2024-04-21T00:30:34.807+0530][gc           ] GC(0) Pause Young (Normal) (G1 Evacuation Pause) 25M->8M(512M) 6.168ms
[2024-04-21T00:30:34.807+0530][gc,cpu       ] GC(0) User=0.04s Sys=0.00s Real=0.01s
[2024-04-21T00:30:48.644+0530][gc,heap,exit ] Heap
[2024-04-21T00:30:48.644+0530][gc,heap,exit ]  garbage-first heap   total 524288K, used 14620K [0x00000000e0000000, 0x0000000100000000)
[2024-04-21T00:30:48.644+0530][gc,heap,exit ]   region size 1024K, 11 young (11264K), 4 survivors (4096K)
[2024-04-21T00:30:48.644+0530][gc,heap,exit ]  Metaspace       used 8210K, capacity 8580K, committed 8832K, reserved 1056768K
[2024-04-21T00:30:48.644+0530][gc,heap,exit ]   class space    used 924K, capacity 1065K, committed 1152K, reserved 1048576K
